// Jest Snapshot v1, https://goo.gl/fbAQLP

exports[`Pruebas en AddCategory debe renderizar correctamente  1`] = `
<form
  onSubmit={[Function]}
>
  <p>
     
     
  </p>
  <input
    className="box"
    onChange={[Function]}
    placeholder="Search.."
    type="text"
    value=""
  />
</form>
`;
