// Jest Snapshot v1, https://goo.gl/fbAQLP

exports[`Pruebas en GifGridItem debe renderizar correctamente 1`] = `
<div
  className="card animate__animated animate__fadeIn animate__delay-1s"
>
  <img
    alt="titulo"
    src="https://localhost/algo.jpg"
  />
  <p>
     
    titulo
     
  </p>
</div>
`;
